# --- data list ---------------------------------------------------------------
#	 0: [m] menu / [o] output / [else] hidden
#	 1: iso image file copy destination directory
#	 2: entry name
#	 3: [unused]
#	 4: iso image file name
#	 5: boot loader's directory
#	 6: initial ramdisk
#	 7: kernel
#	 8: configuration file
#	 9: iso image file copy source directory
declare -r -a DATA_LIST=(                                                                                                                                                                                                                                                                         \
	"m  -                           Auto%20install%20mini.iso           -               -                                           -                                       -                           -                       -                                           -                   " \
	"o  debian-mini-10              Debian%2010                         debian          mini-buster-amd64.iso                       .                                       initrd.gz                   linux                   conf/preseed/ps_debian_server_old.cfg       linux/debian        " \
	"o  debian-mini-11              Debian%2011                         debian          mini-bullseye-amd64.iso                     .                                       initrd.gz                   linux                   conf/preseed/ps_debian_server.cfg           linux/debian        " \
	"o  debian-mini-12              Debian%2012                         debian          mini-bookworm-amd64.iso                     .                                       initrd.gz                   linux                   conf/preseed/ps_debian_server.cfg           linux/debian        " \
	"o  debian-mini-13              Debian%2013                         debian          mini-trixie-amd64.iso                       .                                       initrd.gz                   linux                   conf/preseed/ps_debian_server.cfg           linux/debian        " \
	"o  debian-mini-testing         Debian%20testing                    debian          mini-testing-amd64.iso                      .                                       initrd.gz                   linux                   conf/preseed/ps_debian_server.cfg           linux/debian        " \
	"o  ubuntu-mini-18.04           Ubuntu%2018.04                      ubuntu          mini-bionic-amd64.iso                       .                                       initrd.gz                   linux                   conf/preseed/ps_ubuntu_server_old.cfg       linux/ubuntu        " \
	"o  ubuntu-mini-20.04           Ubuntu%2020.04                      ubuntu          mini-focal-amd64.iso                        .                                       initrd.gz                   linux                   conf/preseed/ps_ubuntu_server_old.cfg       linux/ubuntu        " \
	"m  -                           Auto%20install%20Net%20install      -               -                                           -                                       -                           -                       -                                           -                   " \
	"o  debian-netinst-10           Debian%2010                         debian          debian-10.13.0-amd64-netinst.iso            install.amd                             initrd.gz                   vmlinuz                 conf/preseed/ps_debian_server_old.cfg       linux/debian        " \
	"o  debian-netinst-11           Debian%2011                         debian          debian-11.8.0-amd64-netinst.iso             install.amd                             initrd.gz                   vmlinuz                 conf/preseed/ps_debian_server.cfg           linux/debian        " \
	"o  debian-netinst-12           Debian%2012                         debian          debian-12.4.0-amd64-netinst.iso             install.amd                             initrd.gz                   vmlinuz                 conf/preseed/ps_debian_server.cfg           linux/debian        " \
	"o  debian-netinst-13           Debian%2013                         debian          debian-13.0.0-amd64-netinst.iso             install.amd                             initrd.gz                   vmlinuz                 conf/preseed/ps_debian_server.cfg           linux/debian        " \
	"o  debian-netinst-testing      Debian%20testing                    debian          debian-testing-amd64-netinst.iso            install.amd                             initrd.gz                   vmlinuz                 conf/preseed/ps_debian_server.cfg           linux/debian        " \
	"o  fedora-netinst-38           Fedora%20Server%2038                fedora          Fedora-Server-netinst-x86_64-38-1.6.iso     images/pxeboot                          initrd.img                  vmlinuz                 conf/kickstart/ks_fedora-38.cfg             linux/fedora        " \
	"o  fedora-netinst-39           Fedora%20Server%2039                fedora          Fedora-Server-netinst-x86_64-39-1.5.iso     images/pxeboot                          initrd.img                  vmlinuz                 conf/kickstart/ks_fedora-39.cfg             linux/fedora        " \
	"o  centos-stream-netinst-8     CentOS%20Stream%208                 centos          CentOS-Stream-8-x86_64-latest-boot.iso      images/pxeboot                          initrd.img                  vmlinuz                 conf/kickstart/ks_centos-stream-8.cfg       linux/centos        " \
	"o  centos-stream-netinst-9     CentOS%20Stream%209                 centos          CentOS-Stream-9-latest-x86_64-boot.iso      images/pxeboot                          initrd.img                  vmlinuz                 conf/kickstart/ks_centos-stream-9.cfg       linux/centos        " \
	"o  almalinux-netinst-9         Alma%20Linux%209                    almalinux       AlmaLinux-9-latest-x86_64-boot.iso          images/pxeboot                          initrd.img                  vmlinuz                 conf/kickstart/ks_almalinux-9.cfg           linux/almalinux     " \
	"o  rockylinux-netinst-8        Rocky%20Linux%208                   Rocky           Rocky-8.9-x86_64-boot.iso                   images/pxeboot                          initrd.img                  vmlinuz                 conf/kickstart/ks_rockylinux-8.cfg          linux/Rocky         " \
	"o  rockylinux-netinst-9        Rocky%20Linux%209                   Rocky           Rocky-9-latest-x86_64-boot.iso              images/pxeboot                          initrd.img                  vmlinuz                 conf/kickstart/ks_rockylinux-9.cfg          linux/Rocky         " \
	"o  miraclelinux-netinst-8      Miracle%20Linux%208                 miraclelinux    MIRACLELINUX-8.8-rtm-minimal-x86_64.iso     images/pxeboot                          initrd.img                  vmlinuz                 conf/kickstart/ks_miraclelinux-8.cfg        linux/miraclelinux  " \
	"o  miraclelinux-netinst-9      Miracle%20Linux%209                 miraclelinux    MIRACLELINUX-9.2-rtm-minimal-x86_64.iso     images/pxeboot                          initrd.img                  vmlinuz                 conf/kickstart/ks_miraclelinux-9.cfg        linux/miraclelinux  " \
	"o  opensuse-leap-netinst-15.5  openSUSE%20Leap%2015.5              openSUSE        openSUSE-Leap-15.5-NET-x86_64-Media.iso     boot/x86_64/loader                      initrd                      linux                   conf/autoyast/autoinst_leap-15.5.xml        linux/openSUSE/     " \
	"o  opensuse-leap-netinst-15.6  openSUSE%20Leap%2015.6              openSUSE        openSUSE-Leap-15.6-NET-x86_64-Media.iso     boot/x86_64/loader                      initrd                      linux                   conf/autoyast/autoinst_leap-15.6.xml        linux/openSUSE/     " \
	"o  opensuse-tumbleweed-netinst openSUSE%20Tumbleweed               openSUSE        openSUSE-Tumbleweed-NET-x86_64-Current.iso  boot/x86_64/loader                      initrd                      linux                   conf/autoyast/autoinst_tumbleweed.xml       linux/openSUSE/     " \
	"m  -                           Auto%20install%20DVD%20media        -               -                                           -                                       -                           -                       -                                           -                   " \
	"o  debian-10                   Debian%2010                         debian          debian-10.13.0-amd64-DVD-1.iso              install.amd                             initrd.gz                   vmlinuz                 conf/preseed/ps_debian_server_old.cfg       linux/debian        " \
	"o  debian-11                   Debian%2011                         debian          debian-11.8.0-amd64-DVD-1.iso               install.amd                             initrd.gz                   vmlinuz                 conf/preseed/ps_debian_server.cfg           linux/debian        " \
	"o  debian-12                   Debian%2012                         debian          debian-12.4.0-amd64-DVD-1.iso               install.amd                             initrd.gz                   vmlinuz                 conf/preseed/ps_debian_server.cfg           linux/debian        " \
	"o  debian-13                   Debian%2013                         debian          debian-13.0.0-amd64-DVD-1.iso               install.amd                             initrd.gz                   vmlinuz                 conf/preseed/ps_debian_server.cfg           linux/debian        " \
	"o  debian-testing              Debian%20testing                    debian          debian-testing-amd64-DVD-1.iso              install.amd                             initrd.gz                   vmlinuz                 conf/preseed/ps_debian_server.cfg           linux/debian        " \
	"o  ubuntu-server-18.04         Ubuntu%2018.04%20Server             ubuntu          ubuntu-18.04.6-server-amd64.iso             install/netboot/ubuntu-installer/amd64  initrd.gz                   linux                   conf/preseed/ps_ubuntu_server_old.cfg       linux/ubuntu        " \
	"o  ubuntu-live-18.04           Ubuntu%2018.04%20Live%20Server      ubuntu          ubuntu-18.04.6-live-server-amd64.iso        casper                                  initrd                      vmlinuz                 conf/nocloud/ubuntu_server_old              linux/ubuntu        " \
	"o  ubuntu-live-20.04           Ubuntu%2020.04%20Live%20Server      ubuntu          ubuntu-20.04.6-live-server-amd64.iso        casper                                  initrd                      vmlinuz                 conf/nocloud/ubuntu_server                  linux/ubuntu        " \
	"o  ubuntu-live-22.04           Ubuntu%2022.04%20Live%20Server      ubuntu          ubuntu-22.04.3-live-server-amd64.iso        casper                                  initrd                      vmlinuz                 conf/nocloud/ubuntu_server                  linux/ubuntu        " \
	"o  ubuntu-live-23.04           Ubuntu%2023.04%20Live%20Server      ubuntu          ubuntu-23.04-live-server-amd64.iso          casper                                  initrd                      vmlinuz                 conf/nocloud/ubuntu_server                  linux/ubuntu        " \
	"o  ubuntu-live-23.10           Ubuntu%2023.10%20Live%20Server      ubuntu          ubuntu-23.10-live-server-amd64.iso          casper                                  initrd                      vmlinuz                 conf/nocloud/ubuntu_server                  linux/ubuntu        " \
	"o  ubuntu-live-24.04           Ubuntu%2024.04%20Live%20Server      ubuntu          ubuntu-24.04-live-server-amd64.iso          casper                                  initrd                      vmlinuz                 conf/nocloud/ubuntu_server                  linux/ubuntu        " \
	"o  ubuntu-live-noble           Ubuntu%20noble%20Live%20Server      ubuntu          noble-live-server-amd64.iso                 casper                                  initrd                      vmlinuz                 conf/nocloud/ubuntu_server                  linux/ubuntu        " \
	"o  fedora-38                   Fedora%20Server%2038                fedora          Fedora-Server-dvd-x86_64-38-1.6.iso         images/pxeboot                          initrd.img                  vmlinuz                 conf/kickstart/ks_fedora-38.cfg             linux/fedora        " \
	"o  fedora-39                   Fedora%20Server%2039                fedora          Fedora-Server-dvd-x86_64-39-1.5.iso         images/pxeboot                          initrd.img                  vmlinuz                 conf/kickstart/ks_fedora-39.cfg             linux/fedora        " \
	"o  centos-stream-8             CentOS%20Stream%208                 centos          CentOS-Stream-8-x86_64-latest-dvd1.iso      images/pxeboot                          initrd.img                  vmlinuz                 conf/kickstart/ks_centos-stream-8.cfg       linux/centos        " \
	"o  centos-stream-9             CentOS%20Stream%209                 centos          CentOS-Stream-9-latest-x86_64-dvd1.iso      images/pxeboot                          initrd.img                  vmlinuz                 conf/kickstart/ks_centos-stream-9.cfg       linux/centos        " \
	"o  almalinux-9                 Alma%20Linux%209                    almalinux       AlmaLinux-9-latest-x86_64-dvd.iso           images/pxeboot                          initrd.img                  vmlinuz                 conf/kickstart/ks_almalinux-9.cfg           linux/almalinux     " \
	"o  rockylinux-8                Rocky%20Linux%208                   Rocky           Rocky-8.8-x86_64-dvd1.iso                   images/pxeboot                          initrd.img                  vmlinuz                 conf/kickstart/ks_rockylinux-8.cfg          linux/Rocky         " \
	"o  rockylinux-9                Rocky%20Linux%209                   Rocky           Rocky-9-latest-x86_64-dvd.iso               images/pxeboot                          initrd.img                  vmlinuz                 conf/kickstart/ks_rockylinux-9.cfg          linux/Rocky         " \
	"o  miraclelinux-8              Miracle%20Linux%208                 miraclelinux    MIRACLELINUX-8.8-rtm-x86_64.iso             images/pxeboot                          initrd.img                  vmlinuz                 conf/kickstart/ks_miraclelinux-8.cfg        linux/miraclelinux  " \
	"o  miraclelinux-9              Miracle%20Linux%209                 miraclelinux    MIRACLELINUX-9.2-rtm-x86_64.iso             images/pxeboot                          initrd.img                  vmlinuz                 conf/kickstart/ks_miraclelinux-9.cfg        linux/miraclelinux  " \
	"o  opensuse-leap-15.5          openSUSE%20Leap%2015.5              openSUSE        openSUSE-Leap-15.5-DVD-x86_64-Media.iso     boot/x86_64/loader                      initrd                      linux                   conf/autoyast/autoinst_leap-15.5.xml        linux/openSUSE/     " \
	"o  opensuse-leap-15.6          openSUSE%20Leap%2015.6              openSUSE        openSUSE-Leap-15.6-DVD-x86_64-Media.iso     boot/x86_64/loader                      initrd                      linux                   conf/autoyast/autoinst_leap-15.6.xml        linux/openSUSE/     " \
	"o  opensuse-tumbleweed         openSUSE%20Tumbleweed               openSUSE        openSUSE-Tumbleweed-DVD-x86_64-Current.iso  boot/x86_64/loader                      initrd                      linux                   conf/autoyast/autoinst_tumbleweed.xml       linux/openSUSE/     " \
	"o  windows-10                  Windows%2010                        windows         Win10_22H2_Japanese_x64.iso                 -                                       -                           -                       -                                           windows/Windows10   " \
	"o  windows-11                  Windows%2011                        windows         Win11_23H2_Japanese_x64_custom.iso          -                                       -                           -                       -                                           windows/Windows11   " \
	"m  -                           Live%20media                        -               -                                           -                                       -                           -                       -                                           -                   " \
	"o  debian-live-10              Debian%2010%20Live                  debian          debian-live-10.13.0-amd64-lxde.iso          live                                    initrd.img-4.19.0-21-amd64  vmlinuz-4.19.0-21-amd64 conf/preseed/ps_debian_desktop_old.cfg      linux/debian        " \
	"o  debian-live-11              Debian%2011%20Live                  debian          debian-live-11.8.0-amd64-lxde.iso           live                                    initrd.img-5.10.0-26-amd64  vmlinuz-5.10.0-26-amd64 conf/preseed/ps_debian_desktop.cfg          linux/debian        " \
	"o  debian-live-12              Debian%2012%20Live                  debian          debian-live-12.4.0-amd64-lxde.iso           live                                    initrd.img                  vmlinuz                 conf/preseed/ps_debian_desktop.cfg          linux/debian        " \
	"o  debian-live-13              Debian%2013%20Live                  debian          debian-live-13.0.0-amd64-lxde.iso           live                                    initrd.img                  vmlinuz                 conf/preseed/ps_debian_desktop.cfg          linux/debian        " \
	"o  debian-live-testing         Debian%20testing%20Live             debian          debian-live-testing-amd64-lxde.iso          live                                    initrd.img                  vmlinuz                 conf/preseed/ps_debian_desktop.cfg          linux/debian        " \
	"x  ubuntu-desktop-18.04        Ubuntu%2018.04%20Desktop            ubuntu          ubuntu-18.04.6-desktop-amd64.iso            casper                                  initrd                      vmlinuz                 conf/preseed/ps_ubiquity_desktop_old.cfg    linux/ubuntu        " \
	"o  ubuntu-desktop-20.04        Ubuntu%2020.04%20Desktop            ubuntu          ubuntu-20.04.6-desktop-amd64.iso            casper                                  initrd                      vmlinuz                 conf/preseed/ps_ubiquity_desktop.cfg        linux/ubuntu        " \
	"o  ubuntu-desktop-22.04        Ubuntu%2022.04%20Desktop            ubuntu          ubuntu-22.04.3-desktop-amd64.iso            casper                                  initrd                      vmlinuz                 conf/preseed/ps_ubiquity_desktop.cfg        linux/ubuntu        " \
	"o  ubuntu-desktop-23.04        Ubuntu%2023.04%20Desktop            ubuntu          ubuntu-23.04-desktop-amd64.iso              casper                                  initrd                      vmlinuz                 conf/preseed/ps_ubiquity_desktop.cfg        linux/ubuntu        " \
	"o  ubuntu-desktop-23.10        Ubuntu%2023.10%20Desktop            ubuntu          ubuntu-23.10.1-desktop-amd64.iso            casper                                  initrd                      vmlinuz                 conf/nocloud/ubuntu_desktop                 linux/ubuntu        " \
	"o  ubuntu-desktop-24.04        Ubuntu%2024.04%20Desktop            ubuntu          ubuntu-24.04-desktop-amd64.iso              casper                                  initrd                      vmlinuz                 conf/nocloud/ubuntu_desktop                 linux/ubuntu        " \
	"o  ubuntu-desktop-noble        Ubuntu%20noble%20Desktop            ubuntu          noble-desktop-amd64.iso                     casper                                  initrd                      vmlinuz                 conf/nocloud/ubuntu_desktop                 linux/ubuntu        " \
	"o  ubuntu-legacy-23.04         Ubuntu%2023.04%20Legacy%20Desktop   ubuntu          ubuntu-23.04-desktop-legacy-amd64.iso       casper                                  initrd                      vmlinuz                 conf/preseed/ps_ubiquity_desktop_old.cfg    linux/ubuntu        " \
	"o  ubuntu-legacy-23.10         Ubuntu%2023.10%20Legacy%20Desktop   ubuntu          ubuntu-23.10-desktop-legacy-amd64.iso       casper                                  initrd                      vmlinuz                 conf/preseed/ps_ubiquity_desktop.cfg        linux/ubuntu        " \
	"o  ubuntu-legacy-24.04         Ubuntu%2024.04%20Legacy%20Desktop   ubuntu          ubuntu-24.04-desktop-legacy-amd64.iso       casper                                  initrd                      vmlinuz                 conf/preseed/ps_ubiquity_desktop.cfg        linux/ubuntu        " \
	"o  ubuntu-legacy-noble         Ubuntu%20noble%20Legacy%20Desktop   ubuntu          noble-desktop-legacy-amd64.iso              casper                                  initrd                      vmlinuz                 conf/preseed/ps_ubiquity_desktop.cfg        linux/ubuntu        " \
	"m  -                           System%20tools                      -               -                                           -                                       -                           -                       -                                           -                   " \
	"o  memtest86+                  Memtest86+                          memtest86+      mt86plus_6.20_64.grub.iso                   .                                       EFI/BOOT/memtest            boot/memtest            -                                           linux/memtest86+    " \
) # 0:  1:                          2:                                  3:              4:                                          5:                                      6:                          7:                      8:                                          9:
